// Jest Snapshot v1, https://goo.gl/fbAQLP

exports[`DisabledButton renders correctly 1`] = `
<div
  className="MuiGrid-root padding-button MuiGrid-item MuiGrid-grid-md-12"
>
  <label
    aria-disabled={true}
    className="MuiButtonBase-root MuiButton-root MuiButton-contained Mui-disabled Mui-disabled"
    onBlur={[Function]}
    onDragLeave={[Function]}
    onFocus={[Function]}
    onKeyDown={[Function]}
    onKeyUp={[Function]}
    onMouseDown={[Function]}
    onMouseLeave={[Function]}
    onMouseUp={[Function]}
    onTouchEnd={[Function]}
    onTouchMove={[Function]}
    onTouchStart={[Function]}
    role="button"
    tabIndex={-1}
  >
    <span
      className="MuiButton-label"
    >
      Envoyer
    </span>
  </label>
</div>
`;
