// Jest Snapshot v1, https://goo.gl/fbAQLP

exports[`Footer renders correctly 1`] = `
<footer
  className="fixed-bottom"
>
  <div
    className="MuiGrid-root empty-div MuiGrid-container MuiGrid-align-items-xs-center"
  >
    <div
      className="MuiGrid-root styled-copyright MuiGrid-item MuiGrid-grid-xs-4 MuiGrid-grid-md-5"
    >
      OpenData Paris Copyright 2021©
    </div>
    <div
      className="MuiGrid-root styled-description MuiGrid-item MuiGrid-grid-xs-4 MuiGrid-grid-md-3"
    >
      EPSI MSPR Maintenance Applicative
    </div>
    <div
      className="MuiGrid-root MuiGrid-item MuiGrid-grid-xs-4 MuiGrid-grid-md-4"
    >
      <p
        className="MuiTypography-root styled-maddewithlove MuiTypography-body1 MuiTypography-alignRight"
      >
        Made with ❤ in EPSI Montpellier
      </p>
    </div>
  </div>
</footer>
`;
