// Jest Snapshot v1, https://goo.gl/fbAQLP

exports[`App renders correctly 1`] = `
<div
  className="root"
>
  <header
    className="MuiPaper-root MuiAppBar-root MuiAppBar-positionStatic MuiAppBar-colorPrimary MuiPaper-elevation4"
  >
    <div
      className="MuiToolbar-root MuiToolbar-regular MuiToolbar-gutters"
    >
      <img
        alt=""
        className="image-gabarit"
        src=""
      />
      <h6
        className="MuiTypography-root title-centred MuiTypography-h6"
      >
        OpenData Paris
      </h6>
    </div>
  </header>
</div>
`;
